e:\yuizemi\2025production\2025productionexhibition\horrorgame\3dactiongame\x64\debug\vc143.pdb
e:\yuizemi\2025production\2025productionexhibition\horrorgame\3dactiongame\x64\debug\vc143.idb
e:\yuizemi\2025production\2025productionexhibition\horrorgame\3dactiongame\x64\debug\skydome.obj
e:\yuizemi\2025production\2025productionexhibition\horrorgame\3dactiongame\x64\debug\scorebase.obj
e:\yuizemi\2025production\2025productionexhibition\horrorgame\3dactiongame\x64\debug\playermove.obj
e:\yuizemi\2025production\2025productionexhibition\horrorgame\3dactiongame\x64\debug\playeridle.obj
e:\yuizemi\2025production\2025productionexhibition\horrorgame\3dactiongame\x64\debug\playerbase.obj
e:\yuizemi\2025production\2025productionexhibition\horrorgame\3dactiongame\x64\debug\playeranimbase.obj
e:\yuizemi\2025production\2025productionexhibition\horrorgame\3dactiongame\x64\debug\objectbase.obj
e:\yuizemi\2025production\2025productionexhibition\horrorgame\3dactiongame\x64\debug\mapchip.obj
e:\yuizemi\2025production\2025productionexhibition\horrorgame\3dactiongame\x64\debug\main.obj
e:\yuizemi\2025production\2025productionexhibition\horrorgame\3dactiongame\x64\debug\input.obj
e:\yuizemi\2025production\2025productionexhibition\horrorgame\3dactiongame\x64\debug\scoreeffect.obj
e:\yuizemi\2025production\2025productionexhibition\horrorgame\3dactiongame\x64\debug\fragment.obj
e:\yuizemi\2025production\2025productionexhibition\horrorgame\3dactiongame\x64\debug\enemybase.obj
e:\yuizemi\2025production\2025productionexhibition\horrorgame\3dactiongame\x64\debug\enemyastar.obj
e:\yuizemi\2025production\2025productionexhibition\horrorgame\3dactiongame\x64\debug\enemyanimationmanager.obj
e:\yuizemi\2025production\2025productionexhibition\horrorgame\3dactiongame\x64\debug\color.obj
e:\yuizemi\2025production\2025productionexhibition\horrorgame\3dactiongame\x64\debug\checkgetscore.obj
e:\yuizemi\2025production\2025productionexhibition\horrorgame\3dactiongame\x64\debug\checkchaserange.obj
e:\yuizemi\2025production\2025productionexhibition\horrorgame\3dactiongame\x64\debug\chaseenemy.obj
e:\yuizemi\2025production\2025productionexhibition\horrorgame\3dactiongame\x64\debug\camera.obj
e:\yuizemi\2025production\2025productionexhibition\horrorgame\3dactiongame\x64\debug\stage.obj
e:\yuizemi\2025production\2025productionexhibition\horrorgame\x64\debug\3dactiongame.exe
e:\yuizemi\2025production\2025productionexhibition\horrorgame\x64\debug\3dactiongame.pdb
e:\yuizemi\2025production\2025productionexhibition\horrorgame\3dactiongame\x64\debug\3dactiongame.ilk
e:\yuizemi\2025production\2025productionexhibition\horrorgame\3dactiongame\x64\debug\3dactiongame.tlog\cl.read.1.tlog
e:\yuizemi\2025production\2025productionexhibition\horrorgame\3dactiongame\x64\debug\3dactiongame.tlog\cl.write.1.tlog
e:\yuizemi\2025production\2025productionexhibition\horrorgame\3dactiongame\x64\debug\3dactiongame.tlog\cl.command.1.tlog
e:\yuizemi\2025production\2025productionexhibition\horrorgame\3dactiongame\x64\debug\3dactiongame.tlog\link.read.3.tlog
e:\yuizemi\2025production\2025productionexhibition\horrorgame\3dactiongame\x64\debug\3dactiongame.tlog\link.write.1.tlog
e:\yuizemi\2025production\2025productionexhibition\horrorgame\3dactiongame\x64\debug\3dactiongame.tlog\link.secondary.1.tlog
e:\yuizemi\2025production\2025productionexhibition\horrorgame\3dactiongame\x64\debug\3dactiongame.tlog\link.command.1.tlog
e:\yuizemi\2025production\2025productionexhibition\horrorgame\3dactiongame\x64\debug\3dactiongame.tlog\cl.items.tlog
