  Camera.cpp
D:\Yuizemi\2025Production\2025ProductionExhibition\3DActionGame\Camera.cpp(41,14): warning C4002: 関数に似たマクロ呼び出し '_T' の引数が多すぎます
D:\Yuizemi\2025Production\2025ProductionExhibition\3DActionGame\Camera.cpp(42,14): warning C4002: 関数に似たマクロ呼び出し '_T' の引数が多すぎます
D:\Yuizemi\2025Production\2025ProductionExhibition\3DActionGame\Camera.cpp(43,14): warning C4002: 関数に似たマクロ呼び出し '_T' の引数が多すぎます
D:\Yuizemi\2025Production\2025ProductionExhibition\3DActionGame\Camera.cpp(44,14): warning C4002: 関数に似たマクロ呼び出し '_T' の引数が多すぎます
D:\Yuizemi\2025Production\2025ProductionExhibition\3DActionGame\Camera.cpp(45,14): warning C4002: 関数に似たマクロ呼び出し '_T' の引数が多すぎます
D:\Yuizemi\2025Production\2025ProductionExhibition\3DActionGame\Camera.cpp(46,14): warning C4002: 関数に似たマクロ呼び出し '_T' の引数が多すぎます
  EnemyAStar.cpp
  EnemyBase.cpp
  EnemyManager.cpp
  GameManager.cpp
  Input.cpp
  main.cpp
D:\Yuizemi\2025Production\2025ProductionExhibition\3DActionGame\main.cpp(62,27): warning C4244: '引数': 'float' から 'int' への変換です。データが失われる可能性があります。
D:\Yuizemi\2025Production\2025ProductionExhibition\3DActionGame\main.cpp(62,20): warning C4244: '引数': 'float' から 'int' への変換です。データが失われる可能性があります。
D:\Yuizemi\2025Production\2025ProductionExhibition\3DActionGame\main.cpp(62,14): warning C4244: '引数': 'float' から 'int' への変換です。データが失われる可能性があります。
  PlayerAnimBase.cpp
  PlayerBase.cpp
  PlayerMove.cpp
  PlayerRun.cpp
D:\Yuizemi\2025Production\2025ProductionExhibition\3DActionGame\PlayerRun.cpp(5,12): error C7535: 'PlayerRun::PlayerRun': デリゲート コンストラクターはそのコンストラクター自体を呼び出します
  Skydome.cpp
D:\Yuizemi\2025Production\2025ProductionExhibition\3DActionGame\Skydome.cpp(24,11): warning C4305: '-=': 'double' から 'float' へ切り詰めます。
  Stage.cpp
